[    0.000000] Linux version 4.15.0-124-generic (buildd@lgw01-amd64-029) (gcc version 7.5.0 (Ubuntu 7.5.0-3ubuntu1~18.04)) #127-Ubuntu SMP Fri Nov 6 10:54:43 UTC 2020 (Ubuntu 4.15.0-124.127-generic 4.15.18)
[    0.000000] Command line: BOOT_IMAGE=/boot/vmlinuz-4.15.0-124-generic root=LABEL=cloudimg-rootfs ro console=tty1 console=ttyS0
[    0.000000] KERNEL supported cpus:
[    0.000000]   Intel GenuineIntel
[    0.000000]   AMD AuthenticAMD
[    0.000000]   Centaur CentaurHauls
[    0.000000] x86/fpu: Supporting XSAVE feature 0x001: 'x87 floating point registers'
[    0.000000] x86/fpu: Supporting XSAVE feature 0x002: 'SSE registers'
[    0.000000] x86/fpu: Supporting XSAVE feature 0x004: 'AVX registers'
[    0.000000] x86/fpu: xstate_offset[2]:  576, xstate_sizes[2]:  256
[    0.000000] x86/fpu: Enabled xstate features 0x7, context size is 832 bytes, using 'standard' format.
[    0.000000] e820: BIOS-provided physical RAM map:
[    0.000000] BIOS-e820: [mem 0x0000000000000000-0x000000000009fbff] usable
[    0.000000] BIOS-e820: [mem 0x000000000009fc00-0x000000000009ffff] reserved
[    0.000000] BIOS-e820: [mem 0x00000000000f0000-0x00000000000fffff] reserved
[    0.000000] BIOS-e820: [mem 0x0000000000100000-0x000000003ffeffff] usable
[    0.000000] BIOS-e820: [mem 0x000000003fff0000-0x000000003fffffff] ACPI data
[    0.000000] BIOS-e820: [mem 0x00000000fec00000-0x00000000fec00fff] reserved
[    0.000000] BIOS-e820: [mem 0x00000000fee00000-0x00000000fee00fff] reserved
[    0.000000] BIOS-e820: [mem 0x00000000fffc0000-0x00000000ffffffff] reserved
[    0.000000] NX (Execute Disable) protection: active
[    0.000000] SMBIOS 2.5 present.
[    0.000000] DMI: innotek GmbH VirtualBox/VirtualBox, BIOS VirtualBox 12/01/2006
[    0.000000] Hypervisor detected: KVM
[    0.000000] e820: last_pfn = 0x3fff0 max_arch_pfn = 0x400000000
[    0.000000] MTRR: Disabled
[    0.000000] x86/PAT: MTRRs disabled, skipping PAT initialization too.
[    0.000000] CPU MTRRs all blank - virtualized system.
[    0.000000] x86/PAT: Configuration [0-7]: WB  WT  UC- UC  WB  WT  UC- UC  
[    0.000000] found SMP MP-table at [mem 0x0009fff0-0x0009ffff]
[    0.000000] Scanning 1 areas for low memory corruption
[    0.000000] RAMDISK: [mem 0x35a67000-0x36d2afff]
[    0.000000] ACPI: Early table checksum verification disabled
[    0.000000] ACPI: RSDP 0x00000000000E0000 000024 (v02 VBOX  )
[    0.000000] ACPI: XSDT 0x000000003FFF0030 00003C (v01 VBOX   VBOXXSDT 00000001 ASL  00000061)
[    0.000000] ACPI: FACP 0x000000003FFF00F0 0000F4 (v04 VBOX   VBOXFACP 00000001 ASL  00000061)
[    0.000000] ACPI: DSDT 0x000000003FFF0470 0022EA (v02 VBOX   VBOXBIOS 00000002 INTL 20100528)
[    0.000000] ACPI: FACS 0x000000003FFF0200 000040
[    0.000000] ACPI: FACS 0x000000003FFF0200 000040
[    0.000000] ACPI: APIC 0x000000003FFF0240 00005C (v02 VBOX   VBOXAPIC 00000001 ASL  00000061)
[    0.000000] ACPI: SSDT 0x000000003FFF02A0 0001CC (v01 VBOX   VBOXCPUT 00000002 INTL 20100528)
[    0.000000] No NUMA configuration found
[    0.000000] Faking a node at [mem 0x0000000000000000-0x000000003ffeffff]
[    0.000000] NODE_DATA(0) allocated [mem 0x3ffc5000-0x3ffeffff]
[    0.000000] kvm-clock: cpu 0, msr 0:3ff44001, primary cpu clock
[    0.000000] kvm-clock: Using msrs 4b564d01 and 4b564d00
[    0.000000] kvm-clock: using sched offset of 3715743164 cycles
[    0.000000] clocksource: kvm-clock: mask: 0xffffffffffffffff max_cycles: 0x1cd42e4dffb, max_idle_ns: 881590591483 ns
[    0.000000] Zone ranges:
[    0.000000]   DMA      [mem 0x0000000000001000-0x0000000000ffffff]
[    0.000000]   DMA32    [mem 0x0000000001000000-0x000000003ffeffff]
[    0.000000]   Normal   empty
[    0.000000]   Device   empty
[    0.000000] Movable zone start for each node
[    0.000000] Early memory node ranges
[    0.000000]   node   0: [mem 0x0000000000001000-0x000000000009efff]
[    0.000000]   node   0: [mem 0x0000000000100000-0x000000003ffeffff]
[    0.000000] Reserved but unavailable: 98 pages
[    0.000000] Initmem setup node 0 [mem 0x0000000000001000-0x000000003ffeffff]
[    0.000000] ACPI: PM-Timer IO Port: 0x4008
[    0.000000] IOAPIC[0]: apic_id 2, version 32, address 0xfec00000, GSI 0-23
[    0.000000] ACPI: INT_SRC_OVR (bus 0 bus_irq 0 global_irq 2 dfl dfl)
[    0.000000] ACPI: INT_SRC_OVR (bus 0 bus_irq 9 global_irq 9 low level)
[    0.000000] Using ACPI (MADT) for SMP configuration information
[    0.000000] smpboot: Allowing 2 CPUs, 0 hotplug CPUs
[    0.000000] PM: Registered nosave memory: [mem 0x00000000-0x00000fff]
[    0.000000] PM: Registered nosave memory: [mem 0x0009f000-0x0009ffff]
[    0.000000] PM: Registered nosave memory: [mem 0x000a0000-0x000effff]
[    0.000000] PM: Registered nosave memory: [mem 0x000f0000-0x000fffff]
[    0.000000] e820: [mem 0x40000000-0xfebfffff] available for PCI devices
[    0.000000] Booting paravirtualized kernel on KVM
[    0.000000] clocksource: refined-jiffies: mask: 0xffffffff max_cycles: 0xffffffff, max_idle_ns: 7645519600211568 ns
[    0.000000] random: get_random_bytes called from start_kernel+0x99/0x500 with crng_init=0
[    0.000000] setup_percpu: NR_CPUS:8192 nr_cpumask_bits:2 nr_cpu_ids:2 nr_node_ids:1
[    0.000000] percpu: Embedded 45 pages/cpu s147456 r8192 d28672 u1048576
[    0.000000] PV qspinlock hash table entries: 256 (order: 0, 4096 bytes)
[    0.000000] Built 1 zonelists, mobility grouping on.  Total pages: 257913
[    0.000000] Policy zone: DMA32
[    0.000000] Kernel command line: BOOT_IMAGE=/boot/vmlinuz-4.15.0-124-generic root=LABEL=cloudimg-rootfs ro console=tty1 console=ttyS0
[    0.000000] Memory: 983032K/1048120K available (12300K kernel code, 2482K rwdata, 4272K rodata, 2436K init, 2724K bss, 65088K reserved, 0K cma-reserved)
[    0.000000] SLUB: HWalign=64, Order=0-3, MinObjects=0, CPUs=2, Nodes=1
[    0.000000] Kernel/User page tables isolation: enabled
[    0.000000] ftrace: allocating 39402 entries in 154 pages
[    0.004000] Hierarchical RCU implementation.
[    0.004000] 	RCU restricting CPUs from NR_CPUS=8192 to nr_cpu_ids=2.
[    0.004000] 	Tasks RCU enabled.
[    0.004000] RCU: Adjusting geometry for rcu_fanout_leaf=16, nr_cpu_ids=2
[    0.004000] NR_IRQS: 524544, nr_irqs: 440, preallocated irqs: 16
[    0.004000] Console: colour VGA+ 80x25
[    0.004000] console [tty1] enabled
[    0.004000] console [ttyS0] enabled
[    0.004000] ACPI: Core revision 20170831
[    0.004000] ACPI: 2 ACPI AML tables successfully acquired and loaded
[    0.004000] APIC: Switch to symmetric I/O mode setup
[    0.004000] x2apic enabled
[    0.004000] Switched APIC routing to physical x2apic.
[    0.004000] ..TIMER: vector=0x30 apic1=0 pin1=2 apic2=-1 pin2=-1
[    0.004003] tsc: Detected 2303.998 MHz processor
[    0.004765] Calibrating delay loop (skipped) preset value.. 4607.99 BogoMIPS (lpj=9215992)
[    0.005469] pid_max: default: 32768 minimum: 301
[    0.006323] Security Framework initialized
[    0.008003] Yama: becoming mindful.
[    0.008659] AppArmor: AppArmor initialized
[    0.010955] Dentry cache hash table entries: 131072 (order: 8, 1048576 bytes)
[    0.012051] Inode-cache hash table entries: 65536 (order: 7, 524288 bytes)
[    0.013176] Mount-cache hash table entries: 2048 (order: 2, 16384 bytes)
[    0.014315] Mountpoint-cache hash table entries: 2048 (order: 2, 16384 bytes)
[    0.016244] Last level iTLB entries: 4KB 0, 2MB 0, 4MB 0
[    0.017118] Last level dTLB entries: 4KB 0, 2MB 0, 4MB 0, 1GB 0
[    0.018070] Spectre V1 : Mitigation: usercopy/swapgs barriers and __user pointer sanitization
[    0.019462] Spectre V2 : Mitigation: Full generic retpoline
[    0.020001] Spectre V2 : Spectre v2 / SpectreRSB mitigation: Filling RSB on context switch
[    0.021415] Speculative Store Bypass: Vulnerable
[    0.022331] MDS: Mitigation: Clear CPU buffers
[    0.023280] Freeing SMP alternatives memory: 36K
[    0.133599] APIC calibration not consistent with PM-Timer: 98ms instead of 100ms
[    0.135623] APIC delta adjusted to PM-Timer: 6243084 (6180088)
[    0.136076] smpboot: CPU0: Intel(R) Core(TM) i7-1068NG7 CPU @ 2.30GHz (family: 0x6, model: 0x7e, stepping: 0x5)
[    0.138131] Performance Events: unsupported p6 CPU model 126 no PMU driver, software events only.
[    0.139679] Hierarchical SRCU implementation.
[    0.140587] NMI watchdog: Perf event create on CPU 0 failed with -2
[    0.141698] NMI watchdog: Perf NMI watchdog permanently disabled
[    0.142716] smp: Bringing up secondary CPUs ...
[    0.143673] x86: Booting SMP configuration:
[    0.144002] .... node  #0, CPUs:      #1
[    0.004000] kvm-clock: cpu 1, msr 0:3ff44041, secondary cpu clock
[    0.148019] smp: Brought up 1 node, 2 CPUs
[    0.148710] smpboot: Max logical packages: 1
[    0.149733] smpboot: Total of 2 processors activated (9215.99 BogoMIPS)
[    0.151017] devtmpfs: initialized
[    0.151017] x86/mm: Memory block size: 128MB
[    0.152118] evm: security.selinux
[    0.152740] evm: security.SMACK64
[    0.153368] evm: security.SMACK64EXEC
[    0.153997] evm: security.SMACK64TRANSMUTE
[    0.154683] evm: security.SMACK64MMAP
[    0.155301] evm: security.apparmor
[    0.156002] evm: security.ima
[    0.156523] evm: security.capability
[    0.157177] clocksource: jiffies: mask: 0xffffffff max_cycles: 0xffffffff, max_idle_ns: 7645041785100000 ns
[    0.157578] futex hash table entries: 512 (order: 3, 32768 bytes)
[    0.161477] pinctrl core: initialized pinctrl subsystem
[    0.162445] RTC time: 17:27:59, date: 11/29/20
[    0.163373] NET: Registered protocol family 16
[    0.164059] audit: initializing netlink subsys (disabled)
[    0.164985] audit: type=2000 audit(1606670884.105:1): state=initialized audit_enabled=0 res=1
[    0.165405] cpuidle: using governor ladder
[    0.165405] cpuidle: using governor menu
[    0.168028] ACPI: bus type PCI registered
[    0.168724] acpiphp: ACPI Hot Plug PCI Controller Driver version: 0.5
[    0.169851] PCI: Using configuration type 1 for base access
[    0.172371] HugeTLB registered 2.00 MiB page size, pre-allocated 0 pages
[    0.174723] ACPI: Added _OSI(Module Device)
[    0.176004] ACPI: Added _OSI(Processor Device)
[    0.176775] ACPI: Added _OSI(3.0 _SCP Extensions)
[    0.177570] ACPI: Added _OSI(Processor Aggregator Device)
[    0.178676] ACPI: Added _OSI(Linux-Dell-Video)
[    0.179565] ACPI: Added _OSI(Linux-Lenovo-NV-HDMI-Audio)
[    0.180003] ACPI: Added _OSI(Linux-HPI-Hybrid-Graphics)
[    0.181209] ACPI: Executed 1 blocks of module-level executable AML code
[    0.185174] ACPI: Interpreter enabled
[    0.185830] ACPI: (supports S0 S5)
[    0.186439] ACPI: Using IOAPIC for interrupt routing
[    0.188172] PCI: Using host bridge windows from ACPI; if necessary, use "pci=nocrs" and report a bug
[    0.189906] ACPI: Enabled 2 GPEs in block 00 to 07
[    0.195817] ACPI: PCI Root Bridge [PCI0] (domain 0000 [bus 00-ff])
[    0.196006] acpi PNP0A03:00: _OSC: OS supports [ASPM ClockPM Segments MSI]
[    0.197528] acpi PNP0A03:00: _OSC: not requesting OS control; OS requires [ExtendedConfig ASPM ClockPM MSI]
[    0.199175] acpi PNP0A03:00: fail to add MMCONFIG information, can't access extended PCI configuration space under this bridge.
[    0.200338] PCI host bridge to bus 0000:00
[    0.201051] pci_bus 0000:00: root bus resource [io  0x0000-0x0cf7 window]
[    0.202238] pci_bus 0000:00: root bus resource [io  0x0d00-0xffff window]
[    0.204004] pci_bus 0000:00: root bus resource [mem 0x000a0000-0x000bffff window]
[    0.205270] pci_bus 0000:00: root bus resource [mem 0x40000000-0xfdffffff window]
[    0.208002] pci_bus 0000:00: root bus resource [bus 00-ff]
[    0.211417] pci 0000:00:01.1: legacy IDE quirk: reg 0x10: [io  0x01f0-0x01f7]
[    0.212003] pci 0000:00:01.1: legacy IDE quirk: reg 0x14: [io  0x03f6]
[    0.213080] pci 0000:00:01.1: legacy IDE quirk: reg 0x18: [io  0x0170-0x0177]
[    0.214223] pci 0000:00:01.1: legacy IDE quirk: reg 0x1c: [io  0x0376]
[    0.227286] pci 0000:00:07.0: quirk: [io  0x4000-0x403f] claimed by PIIX4 ACPI
[    0.228016] pci 0000:00:07.0: quirk: [io  0x4100-0x410f] claimed by PIIX4 SMB
[    0.237112] ACPI: PCI Interrupt Link [LNKA] (IRQs 5 9 10 *11)
[    0.238358] ACPI: PCI Interrupt Link [LNKB] (IRQs 5 9 *10 11)
[    0.239411] ACPI: PCI Interrupt Link [LNKC] (IRQs 5 *9 10 11)
[    0.240100] ACPI: PCI Interrupt Link [LNKD] (IRQs 5 9 10 *11)
[    0.241360] SCSI subsystem initialized
[    0.242044] pci 0000:00:02.0: vgaarb: setting as boot VGA device
[    0.242044] pci 0000:00:02.0: vgaarb: VGA device added: decodes=io+mem,owns=io+mem,locks=none
[    0.244010] pci 0000:00:02.0: vgaarb: bridge control possible
[    0.244973] vgaarb: loaded
[    0.245486] ACPI: bus type USB registered
[    0.246194] usbcore: registered new interface driver usbfs
[    0.248007] usbcore: registered new interface driver hub
[    0.249000] usbcore: registered new device driver usb
[    0.249900] EDAC MC: Ver: 3.0.0
[    0.249900] PCI: Using ACPI for IRQ routing
[    0.252273] NetLabel: Initializing
[    0.252908] NetLabel:  domain hash size = 128
[    0.253667] NetLabel:  protocols = UNLABELED CIPSOv4 CALIPSO
[    0.254634] NetLabel:  unlabeled traffic allowed by default
[    0.255580] clocksource: Switched to clocksource kvm-clock
[    0.265274] VFS: Disk quotas dquot_6.6.0
[    0.266002] VFS: Dquot-cache hash table entries: 512 (order 0, 4096 bytes)
[    0.267190] AppArmor: AppArmor Filesystem Enabled
[    0.267996] pnp: PnP ACPI init
[    0.269681] pnp: PnP ACPI: found 3 devices
[    0.278746] clocksource: acpi_pm: mask: 0xffffff max_cycles: 0xffffff, max_idle_ns: 2085701024 ns
[    0.280393] NET: Registered protocol family 2
[    0.281350] TCP established hash table entries: 8192 (order: 4, 65536 bytes)
[    0.282540] TCP bind hash table entries: 8192 (order: 5, 131072 bytes)
[    0.284337] TCP: Hash tables configured (established 8192 bind 8192)
[    0.286569] UDP hash table entries: 512 (order: 2, 16384 bytes)
[    0.287568] UDP-Lite hash table entries: 512 (order: 2, 16384 bytes)
[    0.288644] NET: Registered protocol family 1
[    0.289412] pci 0000:00:00.0: Limiting direct PCI/PCI transfers
[    0.290402] pci 0000:00:01.0: Activating ISA DMA hang workarounds
[    0.291428] pci 0000:00:02.0: Video device with shadowed ROM at [mem 0x000c0000-0x000dffff]
[    0.293398] Unpacking initramfs...
[    0.549814] Freeing initrd memory: 19216K
[    0.550856] clocksource: tsc: mask: 0xffffffffffffffff max_cycles: 0x2135f5e6f15, max_idle_ns: 440795231538 ns
[    0.553747] platform rtc_cmos: registered platform RTC device (no PNP device found)
[    0.555247] Scanning for low memory corruption every 60 seconds
[    0.557407] Initialise system trusted keyrings
[    0.558679] Key type blacklist registered
[    0.559619] workingset: timestamp_bits=36 max_order=18 bucket_order=0
[    0.562129] zbud: loaded
[    0.563499] squashfs: version 4.0 (2009/01/31) Phillip Lougher
[    0.564833] fuse init (API version 7.26)
[    0.568524] Key type asymmetric registered
[    0.569253] Asymmetric key parser 'x509' registered
[    0.570301] Block layer SCSI generic (bsg) driver version 0.4 loaded (major 246)
[    0.571937] io scheduler noop registered
[    0.572793] io scheduler deadline registered
[    0.573726] io scheduler cfq registered (default)
[    0.575178] ACPI: AC Adapter [AC] (on-line)
[    0.576015] input: Power Button as /devices/LNXSYSTM:00/LNXPWRBN:00/input/input0
[    0.577701] ACPI: Power Button [PWRF]
[    0.578519] input: Sleep Button as /devices/LNXSYSTM:00/LNXSLPBN:00/input/input1
[    0.579888] ACPI: Sleep Button [SLPF]
[    0.581970] ACPI: Battery Slot [BAT0] (battery present)
[    0.583027] Serial: 8250/16550 driver, 32 ports, IRQ sharing enabled
[    0.605342] 00:02: ttyS0 at I/O 0x3f8 (irq = 4, base_baud = 115200) is a 16550A
[    0.608940] Linux agpgart interface v0.103
[    0.611611] loop: module loaded
[    0.612887] scsi host0: ata_piix
[    0.613607] scsi host1: ata_piix
[    0.614198] ata1: PATA max UDMA/33 cmd 0x1f0 ctl 0x3f6 bmdma 0xd000 irq 14
[    0.615320] ata2: PATA max UDMA/33 cmd 0x170 ctl 0x376 bmdma 0xd008 irq 15
[    0.617397] libphy: Fixed MDIO Bus: probed
[    0.618098] tun: Universal TUN/TAP device driver, 1.6
[    0.619031] PPP generic driver version 2.4.2
[    0.619835] ehci_hcd: USB 2.0 'Enhanced' Host Controller (EHCI) Driver
[    0.620991] ehci-pci: EHCI PCI platform driver
[    0.621875] ehci-platform: EHCI generic platform driver
[    0.622780] ohci_hcd: USB 1.1 'Open' Host Controller (OHCI) Driver
[    0.624031] ohci-pci: OHCI PCI platform driver
[    0.624863] ohci-platform: OHCI generic platform driver
[    0.625813] uhci_hcd: USB Universal Host Controller Interface driver
[    0.626892] i8042: PNP: PS/2 Controller [PNP0303:PS2K,PNP0f03:PS2M] at 0x60,0x64 irq 1,12
[    0.628759] serio: i8042 KBD port at 0x60,0x64 irq 1
[    0.629619] serio: i8042 AUX port at 0x60,0x64 irq 12
[    0.630719] mousedev: PS/2 mouse device common for all mice
[    0.632230] input: AT Translated Set 2 keyboard as /devices/platform/i8042/serio0/input/input2
[    0.633855] rtc_cmos rtc_cmos: rtc core: registered rtc_cmos as rtc0
[    0.634963] rtc_cmos rtc_cmos: alarms up to one day, 114 bytes nvram
[    0.636010] i2c /dev entries driver
[    0.636794] device-mapper: uevent: version 1.0.3
[    0.637734] device-mapper: ioctl: 4.37.0-ioctl (2017-09-20) initialised: dm-devel@redhat.com
[    0.639476] ledtrig-cpu: registered to indicate activity on CPUs
[    0.641032] NET: Registered protocol family 10
[    0.644716] Segment Routing with IPv6
[    0.645386] NET: Registered protocol family 17
[    0.646224] Key type dns_resolver registered
[    0.647090] mce: Using 0 MCE banks
[    0.647767] RAS: Correctable Errors collector initialized.
[    0.648754] sched_clock: Marking stable (648734736, 0)->(783955922, -135221186)
[    0.650349] registered taskstats version 1
[    0.651064] Loading compiled-in X.509 certificates
[    0.653698] Loaded X.509 cert 'Build time autogenerated kernel key: be62403dcace2d46f96dafa9f42421c610ef3c2a'
[    0.655505] zswap: loaded using pool lzo/zbud
[    0.659260] Key type big_key registered
[    0.659952] Key type trusted registered
[    0.661953] Key type encrypted registered
[    0.662674] AppArmor: AppArmor sha1 policy hashing enabled
[    0.663575] ima: No TPM chip found, activating TPM-bypass! (rc=-19)
[    0.664640] ima: Allocated hash algorithm: sha1
[    0.665430] evm: HMAC attrs: 0x1
[    0.666293]   Magic number: 12:939:492
[    0.667119] rtc_cmos rtc_cmos: setting system clock to 2020-11-29 17:27:59 UTC (1606670879)
[    0.668824] BIOS EDD facility v0.16 2004-Jun-25, 0 devices found
[    0.669799] EDD information not available.
[    0.787615] Freeing unused kernel image memory: 2436K
[    0.800562] Write protecting the kernel read-only data: 20480k
[    0.803433] Freeing unused kernel image memory: 2008K
[    0.806031] Freeing unused kernel image memory: 1872K
[    0.812856] x86/mm: Checked W+X mappings: passed, no W+X pages found.
[    0.814239] x86/mm: Checking user space page tables
[    0.819281] x86/mm: Checked W+X mappings: passed, no W+X pages found.
Loading, please wait...
starting version 237
[    0.876736] e1000: Intel(R) PRO/1000 Network Driver - version 7.3.21-k8-NAPI
[    0.878306] e1000: Copyright (c) 1999-2006 Intel Corporation.
[    0.881360] Fusion MPT base driver 3.04.20
[    0.882087] Copyright (c) 1999-2008 LSI Corporation
[    0.890113] AVX2 version of gcm_enc/dec engaged.
[    0.890983] AES CTR mode by8 optimization enabled
[    0.895890] Fusion MPT SPI Host driver 3.04.20
[    1.107070] input: ImExPS/2 Generic Explorer Mouse as /devices/platform/i8042/serio1/input/input4
[    1.279170] e1000 0000:00:03.0 eth0: (PCI:33MHz:32-bit) 02:bd:38:fa:b3:5d
[    1.281429] e1000 0000:00:03.0 eth0: Intel(R) PRO/1000 Network Connection
[    1.668170] e1000 0000:00:08.0 eth1: (PCI:33MHz:32-bit) 08:00:27:cb:ce:b7
[    1.669389] e1000 0000:00:08.0 eth1: Intel(R) PRO/1000 Network Connection
[    1.671894] e1000 0000:00:03.0 enp0s3: renamed from eth0
[    1.672938] mptbase: ioc0: Initiating bringup
[    1.688411] e1000 0000:00:08.0 enp0s8: renamed from eth1
[    1.776360] ioc0: LSI53C1030 A0: Capabilities={Initiator}
[    2.020698] scsi host2: ioc0: LSI53C1030 A0, FwRev=00000000h, Ports=1, MaxQ=256, IRQ=20
[    2.189332] scsi 2:0:0:0: Direct-Access     VBOX     HARDDISK         1.0  PQ: 0 ANSI: 5
[    2.216444] scsi target2:0:0: Beginning Domain Validation
[    2.221510] scsi target2:0:0: Domain Validation skipping write tests
[    2.222825] scsi target2:0:0: Ending Domain Validation
[    2.224262] scsi target2:0:0: asynchronous
[    2.225512] scsi 2:0:1:0: Direct-Access     VBOX     HARDDISK         1.0  PQ: 0 ANSI: 5
[    2.256572] scsi target2:0:1: Beginning Domain Validation
[    2.267089] random: fast init done
[    2.268515] scsi target2:0:1: Domain Validation skipping write tests
[    2.271219] scsi target2:0:1: Ending Domain Validation
[    2.273659] scsi target2:0:1: asynchronous
[    2.281538] random: systemd-udevd: uninitialized urandom read (16 bytes read)
[    2.282848] random: systemd-udevd: uninitialized urandom read (16 bytes read)
[    2.284154] random: systemd-udevd: uninitialized urandom read (16 bytes read)
[    2.285728] sd 2:0:0:0: Attached scsi generic sg0 type 0
[    2.285936] sd 2:0:0:0: [sda] 20971520 512-byte logical blocks: (10.7 GB/10.0 GiB)
[    2.287119] sd 2:0:1:0: Attached scsi generic sg1 type 0
[    2.288188] sd 2:0:0:0: [sda] Write Protect is off
[    2.289989] sd 2:0:0:0: [sda] Incomplete mode parameter data
[    2.290002] sd 2:0:1:0: [sdb] 20480 512-byte logical blocks: (10.5 MB/10.0 MiB)
[    2.290928] sd 2:0:0:0: [sda] Assuming drive cache: write through
[    2.294142] sd 2:0:1:0: [sdb] Write Protect is off
[    2.295243] sd 2:0:1:0: [sdb] Incomplete mode parameter data
[    2.296300] sd 2:0:1:0: [sdb] Assuming drive cache: write through
[    2.296485]  sda: sda1
[    2.298436] sd 2:0:0:0: [sda] Attached SCSI disk
[    2.300331] sd 2:0:1:0: [sdb] Attached SCSI disk
Begin: Loading essential drivers ... [    3.688138] raid6: sse2x1   gen() 13507 MB/s
[    3.736289] raid6: sse2x1   xor()  8620 MB/s
[    3.784554] raid6: sse2x2   gen() 19243 MB/s
[    3.832093] raid6: sse2x2   xor() 11927 MB/s
[    3.880545] raid6: sse2x4   gen() 19796 MB/s
[    3.928208] raid6: sse2x4   xor() 11882 MB/s
[    3.976224] raid6: avx2x1   gen() 29227 MB/s
[    4.024067] raid6: avx2x1   xor() 16985 MB/s
[    4.072083] raid6: avx2x2   gen() 36038 MB/s
[    4.120059] raid6: avx2x2   xor() 23356 MB/s
[    4.168218] raid6: avx2x4   gen() 36164 MB/s
[    4.216278] raid6: avx2x4   xor() 20274 MB/s
[    4.217521] raid6: using algorithm avx2x4 gen() 36164 MB/s
[    4.218500] raid6: .... xor() 20274 MB/s, rmw enabled
[    4.219375] raid6: using avx2x2 recovery algorithm
[    4.221484] xor: automatically using best checksumming function   avx       
[    4.223770] async_tx: api initialized (async)
done.
Begin: Running /scripts/init-premount ... done.
Begin: Mounting root file system ... Begin: Running /scripts/local-top ... done.
Begin: Running /scripts/local-premount ... [    4.259845] Btrfs loaded, crc32c=crc32c-intel
Scanning for Btrfs filesystems
done.
Warning: fsck not present, so skipping root file system
[    4.282346] EXT4-fs (sda1): mounted filesystem with ordered data mode. Opts: (null)
done.
Begin: Running /scripts/local-bottom ... done.
Begin: Running /scripts/init-bottom ... done.
[    4.394051] ip_tables: (C) 2000-2006 Netfilter Core Team
[    4.402312] systemd[1]: systemd 237 running in system mode. (+PAM +AUDIT +SELINUX +IMA +APPARMOR +SMACK +SYSVINIT +UTMP +LIBCRYPTSETUP +GCRYPT +GNUTLS +ACL +XZ +LZ4 +SECCOMP +BLKID +ELFUTILS +KMOD -IDN2 +IDN -PCRE2 default-hierarchy=hybrid)
[    4.405815] systemd[1]: Detected virtualization oracle.
[    4.406728] systemd[1]: Detected architecture x86-64.

Welcome to [1mUbuntu 18.04.5 LTS[0m!

[    4.411412] systemd[1]: Set hostname to <ubuntu>.
[    4.414957] systemd[1]: Initializing machine ID from random generator.
[    4.416067] systemd[1]: Installed transient /etc/machine-id file.
[    4.622476] systemd[1]: Reached target User and Group Name Lookups.
[[0;32m  OK  [0m] Reached target User and Group Name Lookups.
[    4.624411] systemd[1]: Reached target System Time Synchronized.
[[0;32m  OK  [0m] Reached target System Time Synchronized.
[    4.626260] systemd[1]: Set up automount Arbitrary Executable File Formats File System Automount Point.
[[0;32m  OK  [0m] Set up automount Arbitrary Executabâ€¦rmats File System Automount Point.
[    4.630184] systemd[1]: Created slice User and Session Slice.
[[0;32m  OK  [0m] Created slice User and Session Slice.
[[0;32m  OK  [0m] Started Forward Password Requests to Wall Directory Watch.
[[0;32m  OK  [0m] Reached target Swap.
[[0;32m  OK  [0m] Created slice System Slice.
[[0;32m  OK  [0m] Listening on /dev/initctl Compatibility Named Pipe.
[[0;32m  OK  [0m] Listening on udev Kernel Socket.
[[0;32m  OK  [0m] Listening on Network Service Netlink Socket.
[[0;32m  OK  [0m] Listening on Syslog Socket.
[[0;32m  OK  [0m] Listening on LVM2 metadata daemon socket.
[[0;32m  OK  [0m] Listening on LVM2 poll daemon socket.
[[0;32m  OK  [0m] Created slice system-serial\x2dgetty.slice.
[[0;32m  OK  [0m] Listening on udev Control Socket.
[[0;32m  OK  [0m] Reached target Slices.
[[0;32m  OK  [0m] Listening on Journal Socket.
         Mounting Kernel Debug File System...
         Starting Uncomplicated firewall...
         Starting Remount Root and Kernel File Systems...
         Mounting Huge Pages File System...
         Starting Set the console keyboard layout...
[[0;32m  OK  [0m] Listening on Journal Socket (/dev/log).
         Mounting POSIX Message Queue File System...
         Starting Load Kernel Modules...
[[0;32m  OK  [0m] Listening on Journal Audit Socket.
[    4.684914] EXT4-fs (sda1): re-mounted. Opts: (null)
         Starting Journal Service...
         Starting Create list of required stâ€¦ce nodes for the current kernel...
         Starting udev Coldplug all Devices...
[[0;32m  OK  [0m] Listening on Device-mapper event daemon FIFOs.
         Starting Monitoring of LVM2 mirrorsâ€¦ng dmeventd or progress polling...
[[0;32m  OK  [0m] Mounted Kernel Debug File System.
[[0;32m  OK  [0m] Started Uncomplicated firewall.
[[0;32m  OK  [0m] Started Remount [    4.703122] Loading iSCSI transport class v2.0-870.
Root and Kernel File Systems.
[[0;32m  OK  [0m] Mounted Huge Pages File System.
[[0;32m  OK  [0m] Mounted POSIX Message Queue File System.
         Starting Load/Save Random Seed...
[    4.709017] iscsi: registered transport (tcp)
[[0;32m  OK  [0m] Started Create list of required staâ€¦vice nodes for the current kernel.
[[0;32m  OK  [0m] Started Load/Save Random Seed.
         Starting Create Static Device Nodes in /dev...
[[0;32m  OK  [0m] Started Journal Service.
         Starting Flush Journal to Persistent Storage...
[[0;32m  OK  [0m] Started LVM2 metadata daemon.
[    4.777442] iscsi: registered transport (iser)
[[0;32m  OK  [0m] Started Load Kernel Modules.
         Mounting FUSE Control File System...
         Mounting Kernel Configuration File System...
         Starting Apply Kernel Variables...
[[0;32m  OK  [0m] Mounted FUSE Control File System.
[[0;32m  OK  [0m] Mounted Kernel Configuration File System.
[[0;32m  OK  [0m] Started Create Static Device Nodes in /dev.
         Starting udev Kernel Device Manager...
[    4.809539] systemd-journald[405]: Received request to flush runtime journal from PID 1
[[0;32m  OK  [0m] Started udev Coldplug all Devices.
[[0;32m  OK  [0m] Started udev Kernel Device Manager.
[[0;32m  OK  [0m] Started Set the console keyboard layout.
[[0;32m  OK  [0m] Started Dispatch Password Requests to Console Directory Watch.
[[0;32m  OK  [0m] Reached target Local Encrypted Volumes.
[[0;32m  OK  [0m] Started Monitoring of LVM2 mirrors,â€¦sing dmeventd or progress polling.
[[0;32m  OK  [0m] Started Flush Journal to Persistent Storage.
[[0;32m  OK  [0m] Started Apply Kernel Variables.
[[0;32m  OK  [0m] Reached target Local File Systems (Pre).
[[0;32m  OK  [0m] Reached target Local File Systems.
         Starting ebtables ruleset management...
         Starting Set console font and keymap...
         Starting AppArmor initialization...
         Starting Create Volatile Files and Directories...
         Starting Commit a transient machine-id on disk...
         Starting Tell Plymouth To Write Out Runtime Data...
[[0;32m  OK  [0m] Started Set console font and keymap.
[[0;32m  OK  [0m] Started Tell Plymouth To Write Out Runtime Data.
[[0;32m  OK  [0m] Started Create Volatile Files and Directories.
         Starting Update UTMP about System Boot/Shutdown...
[[0;32m  OK  [0m] Started Update UTMP about System Boot/Shutdown.
[[0;32m  OK  [0m] Started Commit a transient machine-id on disk.
[[0;32m  OK  [0m] Started ebtables ruleset management.
[[0;32m  OK  [0m] Found device /dev/ttyS0.
[[0;32m  OK  [0m] Listening on Load/Save RF Kill Switch Status /dev/rfkill Watch.
[[0;32m  OK  [0m] Started AppArmor initialization.
         Starting Initial cloud-init job (pre-networking)...
         Starting Load AppArmor profiles managed internally by snapd...
[[0;32m  OK  [0m] Started Load AppArmor profiles managed internally by snapd.
[    6.377120] cloud-init[557]: Cloud-init v. 20.3-2-g371b392c-0ubuntu1~18.04.1 running 'init-local' at Sun, 29 Nov 2020 17:28:04 +0000. Up 6.11 seconds.
[[0;32m  OK  [0m] Started Initial cloud-init job (pre-networking).
[[0;32m  OK  [0m] Reached target Network (Pre).
         Starting Network Service...
[[0;32m  OK  [0m] Started Network Service.
         Starting Network Name Resolution...
         Starting Wait for Network to be Configured...
[[0;32m  OK  [0m] Started Network Name Resolution.
[[0;32m  OK  [0m] Reached target Network.
[[0;32m  OK  [0m] Reached target Host and Network Name Lookups.
[[0;32m  OK  [0m] Started Wait for Network to be Configured.
         Starting Initial cloud-init job (metadata service crawler)...
[    8.575049] cloud-init[707]: Cloud-init v. 20.3-2-g371b392c-0ubuntu1~18.04.1 running 'init' at Sun, 29 Nov 2020 17:28:07 +0000. Up 8.47 seconds.
[    8.588508] cloud-init[707]: ci-info: ++++++++++++++++++++++++++++++++++++++Net device info+++++++++++++++++++++++++++++++++++++++
[    8.589500] cloud-init[707]: ci-info: +--------+-------+----------------------------+---------------+--------+-------------------+
[    8.590976] cloud-init[707]: ci-info: | Device |   Up  |          Address           |      Mask     | Scope  |     Hw-Address    |
[    8.592641] cloud-init[707]: ci-info: +--------+-------+----------------------------+---------------+--------+-------------------+
[    8.594071] cloud-init[707]: ci-info: | enp0s3 |  True |         10.0.2.15          | 255.255.255.0 | global | 02:bd:38:fa:b3:5d |
[    8.595646] cloud-init[707]: ci-info: | enp0s3 |  True | fe80::bd:38ff:fefa:b35d/64 |       .       |  link  | 02:bd:38:fa:b3:5d |
[    8.597089] cloud-init[707]: ci-info: | enp0s8 | False |             .              |       .       |   .    | 08:00:27:cb:ce:b7 |
[    8.598596] cloud-init[707]: ci-info: |   lo   |  True |         127.0.0.1          |   255.0.0.0   |  host  |         .         |
[    8.600197] cloud-init[707]: ci-info: |   lo   |  True |          ::1/128           |       .       |  host  |         .         |
[    8.601725] cloud-init[707]: ci-info: +--------+-------+----------------------------+---------------+--------+-------------------+
[    8.603176] cloud-init[707]: ci-info: ++++++++++++++++++++++++++++Route IPv4 info+++++++++++++++++++++++++++++
[    8.604583] cloud-init[707]: ci-info: +-------+-------------+----------+-----------------+-----------+-------+
[    8.605883] cloud-init[707]: ci-info: | Route | Destination | Gateway  |     Genmask     | Interface | Flags |
[    8.607193] cloud-init[707]: ci-info: +-------+-------------+----------+-----------------+-----------+-------+
[    8.608399] cloud-init[707]: ci-info: |   0   |   0.0.0.0   | 10.0.2.2 |     0.0.0.0     |   enp0s3  |   UG  |
[    8.609702] cloud-init[707]: ci-info: |   1   |   10.0.2.0  | 0.0.0.0  |  255.255.255.0  |   enp0s3  |   U   |
[    8.611006] cloud-init[707]: ci-info: |   2   |   10.0.2.2  | 0.0.0.0  | 255.255.255.255 |   enp0s3  |   UH  |
[    8.612330] cloud-init[707]: ci-info: +-------+-------------+----------+-----------------+-----------+-------+
[    8.613638] cloud-init[707]: ci-info: +++++++++++++++++++Route IPv6 info+++++++++++++++++++
[    8.614725] cloud-init[707]: ci-info: +-------+-------------+---------+-----------+-------+
[    8.615828] cloud-init[707]: ci-info: | Route | Destination | Gateway | Interface | Flags |
[    8.616996] cloud-init[707]: ci-info: +-------+-------------+---------+-----------+-------+
[    8.618127] cloud-init[707]: ci-info: |   1   |  fe80::/64  |    ::   |   enp0s3  |   U   |
[    8.619235] cloud-init[707]: ci-info: |   3   |    local    |    ::   |   enp0s3  |   U   |
[    8.620345] cloud-init[707]: ci-info: |   4   |   ff00::/8  |    ::   |   enp0s3  |   U   |
[    8.621505] cloud-init[707]: ci-info: +-------+-------------+---------+-----------+-------+
[   10.585342] cloud-init[707]: Generating public/private rsa key pair.
[   10.596676] cloud-init[707]: Your identification has been saved in /etc/ssh/ssh_host_rsa_key.
[   10.597667] cloud-init[707]: Your public key has been saved in /etc/ssh/ssh_host_rsa_key.pub.
[   10.598875] cloud-init[707]: The key fingerprint is:
[   10.599545] cloud-init[707]: SHA256:pQMbfSOK+XWMI+3ySBe9hRmtPQe3rLd6VhqwsPWH24Q root@ubuntu-bionic
[   10.600865] cloud-init[707]: The key's randomart image is:
[   10.601627] cloud-init[707]: +---[RSA 2048]----+
[   10.602308] cloud-init[707]: |                 |
[   10.602937] cloud-init[707]: |       .   .     |
[   10.603575] cloud-init[707]: |      o o = o .  |
[   10.604255] cloud-init[707]: |     o * O.Bo+ . |
[   10.604891] cloud-init[707]: |    o + S B++++o |
[   10.605607] cloud-init[707]: |     . + =.o.+E +|
[   10.606239] cloud-init[707]: |      + o . . .O |
[   10.606871] cloud-init[707]: |     . =     .=..|
[   10.607442] cloud-init[707]: |      . .   .+.  |
[   10.608115] cloud-init[707]: +----[SHA256]-----+
[   10.608751] cloud-init[707]: Generating public/private dsa key pair.
[   10.609607] cloud-init[707]: Your identification has been saved in /etc/ssh/ssh_host_dsa_key.
[   10.610656] cloud-init[707]: Your public key has been saved in /etc/ssh/ssh_host_dsa_key.pub.
[   10.611830] cloud-init[707]: The key fingerprint is:
[   10.612583] cloud-init[707]: SHA256:9jaz6TfHstH5hjg+HZewZkY4abUThBKumFpTypococo root@ubuntu-bionic
[   10.613821] cloud-init[707]: The key's randomart image is:
[   10.614558] cloud-init[707]: +---[DSA 1024]----+
[   10.615193] cloud-init[707]: |         .. o.   |
[   10.615825] cloud-init[707]: |        .. . o   |
[   10.616588] cloud-init[707]: |   .   . .. + o  |
[   10.617256] cloud-init[707]: |  . o = .  = =   |
[   10.617893] cloud-init[707]: | . . B .S . o + .|
[   10.618524] cloud-init[707]: |o . * .. .   *.o.|
[   10.619114] cloud-init[707]: |.E =      = =+o+ |
[   10.619760] cloud-init[707]: |         . =B.=..|
[   10.620421] cloud-init[707]: |         .+ooB ..|
[   10.621082] cloud-init[707]: +----[SHA256]-----+
[   10.621706] cloud-init[707]: Generating public/private ecdsa key pair.
[   10.622577] cloud-init[707]: Your identification has been saved in /etc/ssh/ssh_host_ecdsa_key.
[   10.623718] cloud-init[707]: Your public key has been saved in /etc/ssh/ssh_host_ecdsa_key.pub.
[   10.624862] cloud-init[707]: The key fingerprint is:
[   10.625500] cloud-init[707]: SHA256:/q1RKlXf9mmBXNAotTIusTmMzjCiE0RQ0L2/NzVV5pc root@ubuntu-bionic
[   10.626671] cloud-init[707]: The key's randomart image is:
[   10.627392] cloud-init[707]: +---[ECDSA 256]---+
[   10.628070] cloud-init[707]: |+=..        .oo  |
[   10.628649] cloud-init[707]: |. . .      . .=. |
[   10.629279] cloud-init[707]: | .   .   . oo= ..|
[   10.629928] cloud-init[707]: |.   .   o =.=.+E.|
[   10.630562] cloud-init[707]: | . . + .S*.o.o.oo|
[   10.631304] cloud-init[707]: |  o . *. .=o   .+|
[   10.640185] cloud-init[707]: | o     +o.o.   o.|
[   10.640787] cloud-init[707]: |  .   . oo o  .  |
[   10.641478] cloud-init[707]: |       . .o..    |
[[0;32m  OK  [0m] Started Initial cloud-init job (metadata service crawler).
[   10.652828] cloud-init[707]: +----[SHA256]-----+
[   10.654581] cloud-init[707]: Generating public/private ed25519 key pair.
[[0;32m  OK  [0m] [   10.655618] Reached target System Initialization.
cloud-init[707]: Your identification has been saved in /etc/ssh/ssh_host_ed25519_key.
[   10.658691] cloud-init[707]: Your public key has been saved in /etc/ssh/ssh_host_ed25519_key.pub.
[   10.659967] cloud-init[707]: The key fingerprint is:
[[   10.660877] cloud-init[707]: SHA256:DIMF84SrW+fzQJ9NNDPgF0z/G3NqE9u5lxbGpPYmpMY root@ubuntu-bionic
[   10.660936] cloud-init[707]: The key's randomart image is:
[   10.661562] cloud-init[707]: +--[ED25519 256]--+
[   10.662406] cloud-init[707]: |    ooo .oo      |
[   10.663111] cloud-init[707]: |    .* . ..o     |
[   10.663849] cloud-init[707]: |    ..+ . * .    |
[   10.664751] cloud-init[707]: |    .  + o + . . |
[   10.665467] cloud-init[707]: |   .  . S .   O .|
[   10.666268] cloud-init[707]: |  . .... +   + &.|
[   10.666785] cloud-init[707]: |   o o. o o + O.+|
[   10.667341] cloud-init[707]: |  .   o.   E o *o|
[   10.667744] cloud-init[707]: |       o. .   +..|
[   10.668314] cloud-init[707]: +----[SHA256]-----+
[0;32m  OK  [0m] Started Discard unused blocks once a week.
[[0;32m  OK  [0m] Started ACPI Events Check.
[[0;32m  OK  [0m] Listening on Open-iSCSI iscsid Socket.
[[0;32m  OK  [0m] Listening on ACPID Listen Socket.
         Starting LXD - unix socket.
         Starting Socket activation for snappy daemon.
[[0;32m  OK  [0m] Started Daily Cleanup of Temporary Directories.
[[0;32m  OK  [0m] Reached target Paths.
[[0;32m  OK  [0m] Listening on D-Bus System Message Bus Socket.
[[0;32m  OK  [0m] Listening on UUID daemon activation socket.
[[0;32m  OK  [0m] Started Daily apt download activities.
[[0;32m  OK  [0m] Started Daily apt upgrade and clean activities.
[[0;32m  OK  [0m] Started Message of the Day.
[[0;32m  OK  [0m] Reached target Timers.
[[0;32m  OK  [0m] Reached target Network is Online.
         Starting Availability of block devices...
[[0;32m  OK  [0m] Reached target Remote File Systems (Pre).
[[0;32m  OK  [0m] Reached target Remote File Systems.
[[0;32m  OK  [0m] Reached target Cloud-config availability.
[[0;32m  OK  [0m] Listening on LXD - unix socket.
[[0;32m  OK  [0m] Listening on Socket activation for snappy daemon.
[[0;32m  OK  [0m] Reached target Sockets.
[[0;32m  OK  [0m] Reached target Basic System.
         Starting LSB: automatic crash report generation...
         Starting System Logging Service...
         Starting Login Service...
         Starting Virtualbox guest utils...
         Starting Dispatcher daemon for systemd-networkd...
[[0;32m  OK  [0m] Started irqbalance daemon.
         Starting Permit User Sessions...
[[0;32m  OK  [0m] Started FUSE filesystem for LXC.
[[0;32m  OK  [0m] Started D-Bus System Message Bus.
[[0;32m  OK  [0m] Started Regular background program processing daemon.
         Starting Accounts Service...
         Starting Pollinate to seed the pseudo random number generator...
         Starting Snap Daemon...
         Starting LSB: Record successful boot for GRUB...
[[0;32m  OK  [0m] Started Deferred execution scheduler.
         Starting LXD - container startup/shutdown...
[[0;32m  OK  [0m] Started System Logging Service.
[[0;32m  OK  [0m] Started Availability of block devices.
[[0;32m  OK  [0m] Started Permit User Sessions.
[[0;32m  OK  [0m] Started Login Service.
[[0;32m  OK  [0m] Started Unattended Upgrades Shutdown.
         Starting Hold until boot process finishes up...
         Starting Terminate Plymouth Boot Screen...
[[0;32m  OK  [0m] Started Hold until boot process finishes up.
[[0;32m  OK  [0m] Started Serial Getty on ttyS0.
         Starting Set console scheme...
[[0;32m  OK  [0m] Started Terminate Plymouth Boot Screen.
[[0;32m  OK  [0m] Started Set console scheme.
[[0;32m  OK  [0m] Created slice system-getty.slice.
[[0;32m  OK  [0m] Started Getty on tty1.
[[0;32m  OK  [0m] Reached target Login Prompts.
[[0;32m  OK  [0m] Started LSB: automatic crash report generation.
[[0;32m  OK  [0m] Started LXD - container startup/shutdown.
         Starting Authorization Manager...
[[0;32m  OK  [0m] Started LSB: Record successful boot for GRUB.
[[0;32m  OK  [0m] Started Virtualbox guest utils.
[[0;32m  OK  [0m] Started Authorization Manager.
[[0;32m  OK  [0m] Started Accounts Service.
[[0;32m  OK  [0m] Started Dispatcher daemon for systemd-networkd.
[[0;32m  OK  [0m] Started Snap Daemon.
         Starting Wait until snapd is fully seeded...
[[0;32m  OK  [0m] Started Pollinate to seed the pseudo random number generator.
         Starting OpenBSD Secure Shell server...
[[0;32m  OK  [0m] Started OpenBSD Secure Shell server.
[[0;32m  OK  [0m] Created slice User Slice of vagrant.
         Starting User Manager for UID 1000...
[[0;32m  OK  [0m] Started Session 1 of user vagrant.
[[0;32m  OK  [0m] Started User Manager for UID 1000.
[[0;32m  OK  [0m] Started Wait until snapd is fully seeded.
         Starting Apply the settings specified in cloud-config...
[[0;32m  OK  [0m] Reached target Multi-User System.
[[0;32m  OK  [0m] Reached target Graphical Interface.
         Starting Update UTMP about System Runlevel Changes...
[[0;32m  OK  [0m] Started Update UTMP about System Runlevel Changes.
         Stopping User Manager for UID 1000...
[[0;32m  OK  [0m] Stopped User Manager for UID 1000.
[[0;32m  OK  [0m] Removed slice User Slice of vagrant.
[   14.243318] cloud-init[1391]: Cloud-init v. 20.3-2-g371b392c-0ubuntu1~18.04.1 running 'modules:config' at Sun, 29 Nov 2020 17:28:12 +0000. Up 13.92 seconds.
[[0;32m  OK  [0m] Started Apply the settings specified in cloud-config.
         Starting Execute cloud user/final scripts...
[[0;32m  OK  [0m] Created slice User Slice of vagrant.
         Starting User Manager for UID 1000...
[[0;32m  OK  [0m] Started Session 3 of user vagrant.
[[0;32m  OK  [0m] Started User Manager for UID 1000.
ci-info: no authorized SSH keys fingerprints found for user ubuntu.
<14>Nov 29 17:28:13 ec2: 
<14>Nov 29 17:28:13 ec2: #############################################################
<14>Nov 29 17:28:13 ec2: -----BEGIN SSH HOST KEY FINGERPRINTS-----
<14>Nov 29 17:28:13 ec2: 1024 SHA256:9jaz6TfHstH5hjg+HZewZkY4abUThBKumFpTypococo root@ubuntu-bionic (DSA)
<14>Nov 29 17:28:13 ec2: 256 SHA256:/q1RKlXf9mmBXNAotTIusTmMzjCiE0RQ0L2/NzVV5pc root@ubuntu-bionic (ECDSA)
<14>Nov 29 17:28:13 ec2: 256 SHA256:DIMF84SrW+fzQJ9NNDPgF0z/G3NqE9u5lxbGpPYmpMY root@ubuntu-bionic (ED25519)
<14>Nov 29 17:28:13 ec2: 2048 SHA256:pQMbfSOK+XWMI+3ySBe9hRmtPQe3rLd6VhqwsPWH24Q root@ubuntu-bionic (RSA)
<14>Nov 29 17:28:13 ec2: -----END SSH HOST KEY FINGERPRINTS-----
<14>Nov 29 17:28:13 ec2: #############################################################
-----BEGIN SSH HOST KEY KEYS-----
ecdsa-sha2-nistp256 AAAAE2VjZHNhLXNoYTItbmlzdHAyNTYAAAAIbmlzdHAyNTYAAABBBL0mITKzdhCC3Z0ItoyDaQPQ/rblbpzkLPeR76nFcM1iKNXOTe1D4opxkpy8VToyISxGxOWQ/ghxRIZiuLMYBRk= root@ubuntu-bionic
ssh-ed25519 AAAAC3NzaC1lZDI1NTE5AAAAIEMRBY1J7B9MFcCEIlrw5wTVIB75a7koAArdrYWk+6cW root@ubuntu-bionic
ssh-rsa AAAAB3NzaC1yc2EAAAADAQABAAABAQDXZ7poiGupMjAllqWIqXweaZgDSpZUlyHardkUU3ZPRws0X9Kw8MJbHXKeKw872QsKArCDiMMKj9XrZVqctfb3FRyICiIrNbPWsg+HfGOSmCoE9lyfgpWL10jknHKV29bXvZ27tLkpL9i7IIko/DM5U+f6/bREYnEROfL4T9sMQfqezVE5iwjTTMvwN8R6vXgkEJMiNNJR4nGbaYzrYTkxYJ6mu84kBrF08rS+r92ogsomHFlLq0bmh30PWxlolAvTFmx3y2OdZb1OMKBKfll+2sJ4bhSajTpVfv/361omLJtjGic2z3cqGbYZFA+vssnnKSsoTbF4X3NjVfHn2Oo3 root@ubuntu-bionic
-----END SSH HOST KEY KEYS-----
[   14.707544] cloud-init[1583]: Cloud-init v. 20.3-2-g371b392c-0ubuntu1~18.04.1 running 'modules:final' at Sun, 29 Nov 2020 17:28:13 +0000. Up 14.57 seconds.
[   14.709327] cloud-init[1583]: ci-info: no authorized SSH keys fingerprints found for user ubuntu.
[   14.710547] cloud-init[1583]: Cloud-init v. 20.3-2-g371b392c-0ubuntu1~18.04.1 finished at Sun, 29 Nov 2020 17:28:13 +0000. Datasource DataSourceNoCloud [seed=/dev/sdb][dsmode=net].  Up 14.70 seconds
[[0;32m  OK  [0m] Started Execute cloud user/final scripts.
[[0;32m  OK  [0m] Reached target Cloud-init target.

Ubuntu 18.04.5 LTS ubuntu-bionic ttyS0

ubuntu-bionic login: 